
> hsm-frontend@0.1.0 build
> next build

Γû▓ Next.js 16.1.6 (Turbopack)
- Environments: .env.local

  Creating an optimized production build ...
Γ£ô Compiled successfully in 31.8s
  Running TypeScript ...
node.exe : Failed to compile.
At line:1 char:1
+ & "C:\Program Files\nodejs/node.exe" 
"C:\Program Files\nodejs/node_mo ...
+ ~~~~~~~~~~~~~~~~~~~~~~~~~~~~~~~~~~~~~~~~~~~~~~~~
~~~~~~~~~~~~~~~~~~~~~
    + CategoryInfo          : NotSpecified: (Fail 
   ed to compile.:String) [], RemoteException
    + FullyQualifiedErrorId : NativeCommandError
 

./app/(pages)/admin/bookings/page.tsx:135:13
Type error: Property 'businessProfile' does not 
exist on type 'AdminBooking'.

[0m [90m 133 |[39m       filtered [33m=[39m 
filtered[33m.[39mfilter(
 [90m 134 |[39m         (b) [33m=>[39m
[31m[1m>[22m[39m[90m 135 |[39m           b[
33m.[39mbusinessProfile[33m?[39m[33m.[39mname
[33m?[39m[33m.[39mtoLowerCase()[33m.[39mincl
udes(term) [33m||[39m
 [90m     |[39m             [31m[1m^[22m[39m
 [90m 136 |[39m           b[33m.[39muser[33m?
[39m[33m.[39mname[33m?[39m[33m.[39mtoLowerC
ase()[33m.[39mincludes(term) [33m||[39m
 [90m 137 |[39m           b[33m.[39muser[33m?
[39m[33m.[39memail[33m?[39m[33m.[39mtoLower
Case()[33m.[39mincludes(term) [33m||[39m
 [90m 138 |[39m           b[33m.[39mservice[3
3m?[39m[33m.[39mname[33m?[39m[33m.[39mtoLow
erCase()[33m.[39mincludes(term) [33m||[39m[0m
Next.js build worker exited with code: 1 and 
signal: null
